This is pdfTeX, Version 3.141592653-2.6-1.40.29 (TeX Live 2026) (preloaded format=pdflatex 2026.4.10)  21 SEP 2026 11:34
entering extended mode
 restricted \write18 enabled.
 %&-line parsing enabled.
**ramp
(./ramp.tex
LaTeX2e <2025-11-01>
L3 programming layer <2026-03-20>
(/usr/local/texlive/2026/texmf-dist/tex/latex/base/report.cls
Document Class: report 2025/01/22 v1.4n Standard LaTeX document class
(/usr/local/texlive/2026/texmf-dist/tex/latex/base/size11.clo
File: size11.clo 2025/01/22 v1.4n Standard LaTeX file (size option)
)
\c@part=\count275
\c@chapter=\count276
\c@section=\count277
\c@subsection=\count278
\c@subsubsection=\count279
\c@paragraph=\count280
\c@subparagraph=\count281
\c@figure=\count282
\c@table=\count283
\abovecaptionskip=\skip49
\belowcaptionskip=\skip50
\bibindent=\dimen150
)
(/usr/local/texlive/2026/texmf-dist/tex/latex/geometry/geometry.sty
Package: geometry 2026/03/07 v6.0 Page Geometry

(/usr/local/texlive/2026/texmf-dist/tex/latex/graphics/keyval.sty
Package: keyval 2022/05/29 v1.15 key=value parser (DPC)
\KV@toks@=\toks17
)
(/usr/local/texlive/2026/texmf-dist/tex/generic/iftex/ifvtex.sty
Package: ifvtex 2019/10/25 v1.7 ifvtex legacy package. Use iftex instead.

(/usr/local/texlive/2026/texmf-dist/tex/generic/iftex/iftex.sty
Package: iftex 2024/12/12 v1.0g TeX engine tests
))
\Gm@cnth=\count284
\Gm@cntv=\count285
\c@Gm@tempcnt=\count286
\Gm@bindingoffset=\dimen151
\Gm@wd@mp=\dimen152
\Gm@odd@mp=\dimen153
\Gm@even@mp=\dimen154
\Gm@layoutwidth=\dimen155
\Gm@layoutheight=\dimen156
\Gm@layouthoffset=\dimen157
\Gm@layoutvoffset=\dimen158
\Gm@dimlist=\toks18
)
(/usr/local/texlive/2026/texmf-dist/tex/latex/amsfonts/amssymb.sty
Package: amssymb 2013/01/14 v3.01 AMS font symbols

(/usr/local/texlive/2026/texmf-dist/tex/latex/amsfonts/amsfonts.sty
Package: amsfonts 2013/01/14 v3.01 Basic AMSFonts support
\@emptytoks=\toks19
\symAMSa=\mathgroup4
\symAMSb=\mathgroup5
LaTeX Font Info:    Redeclaring math symbol \hbar on input line 98.
LaTeX Font Info:    Overwriting math alphabet `\mathfrak' in version `bold'
(Font)                  U/euf/m/n --> U/euf/b/n on input line 106.
))
(/usr/local/texlive/2026/texmf-dist/tex/latex/base/inputenc.sty
Package: inputenc 2024/02/08 v1.3d Input encoding file
\inpenc@prehook=\toks20
\inpenc@posthook=\toks21
)
(/usr/local/texlive/2026/texmf-dist/tex/latex/base/makeidx.sty
Package: makeidx 2021/10/04 v1.0m Standard LaTeX package
)
\@indexfile=\write3
\openout3 = `ramp.idx'.


Writing index file ramp.idx
(/usr/local/texlive/2026/texmf-dist/tex/latex/graphics/color.sty
Package: color 2025/01/14 v1.3e Standard LaTeX Color (DPC)

(/usr/local/texlive/2026/texmf-dist/tex/latex/graphics-cfg/color.cfg
File: color.cfg 2016/01/02 v1.6 sample color configuration
)
Package color Info: Driver file: pdftex.def on input line 149.

(/usr/local/texlive/2026/texmf-dist/tex/latex/graphics-def/pdftex.def
File: pdftex.def 2025/09/29 v1.2d Graphics/color driver for pdftex
)
(/usr/local/texlive/2026/texmf-dist/tex/latex/graphics/mathcolor.ltx))
(/usr/local/texlive/2026/texmf-dist/tex/latex/fancyvrb/fancyvrb.sty
Package: fancyvrb 2025/07/28 4.6 verbatim text (tvz,hv)
\FV@CodeLineNo=\count287
\FV@InFile=\read2
\FV@TabBox=\box53
\c@FancyVerbLine=\count288
\FV@StepNumber=\count289
\FV@OutFile=\write4
)
(/usr/local/texlive/2026/texmf-dist/tex/latex/psnfss/mathptmx.sty
Package: mathptmx 2020/03/25 PSNFSS-v9.3 Times w/ Math, improved (SPQR, WaS) 
LaTeX Font Info:    Redeclaring symbol font `operators' on input line 28.
LaTeX Font Info:    Overwriting symbol font `operators' in version `normal'
(Font)                  OT1/cmr/m/n --> OT1/ztmcm/m/n on input line 28.
LaTeX Font Info:    Overwriting symbol font `operators' in version `bold'
(Font)                  OT1/cmr/bx/n --> OT1/ztmcm/m/n on input line 28.
LaTeX Font Info:    Redeclaring symbol font `letters' on input line 29.
LaTeX Font Info:    Overwriting symbol font `letters' in version `normal'
(Font)                  OML/cmm/m/it --> OML/ztmcm/m/it on input line 29.
LaTeX Font Info:    Overwriting symbol font `letters' in version `bold'
(Font)                  OML/cmm/b/it --> OML/ztmcm/m/it on input line 29.
LaTeX Font Info:    Redeclaring symbol font `symbols' on input line 30.
LaTeX Font Info:    Overwriting symbol font `symbols' in version `normal'
(Font)                  OMS/cmsy/m/n --> OMS/ztmcm/m/n on input line 30.
LaTeX Font Info:    Overwriting symbol font `symbols' in version `bold'
(Font)                  OMS/cmsy/b/n --> OMS/ztmcm/m/n on input line 30.
LaTeX Font Info:    Redeclaring symbol font `largesymbols' on input line 31.
LaTeX Font Info:    Overwriting symbol font `largesymbols' in version `normal'
(Font)                  OMX/cmex/m/n --> OMX/ztmcm/m/n on input line 31.
LaTeX Font Info:    Overwriting symbol font `largesymbols' in version `bold'
(Font)                  OMX/cmex/m/n --> OMX/ztmcm/m/n on input line 31.
\symbold=\mathgroup6
\symitalic=\mathgroup7
LaTeX Font Info:    Redeclaring math alphabet \mathbf on input line 34.
LaTeX Font Info:    Overwriting math alphabet `\mathbf' in version `normal'
(Font)                  OT1/cmr/bx/n --> OT1/ptm/bx/n on input line 34.
LaTeX Font Info:    Overwriting math alphabet `\mathbf' in version `bold'
(Font)                  OT1/cmr/bx/n --> OT1/ptm/bx/n on input line 34.
LaTeX Font Info:    Redeclaring math alphabet \mathit on input line 35.
LaTeX Font Info:    Overwriting math alphabet `\mathit' in version `normal'
(Font)                  OT1/cmr/m/it --> OT1/ptm/m/it on input line 35.
LaTeX Font Info:    Overwriting math alphabet `\mathit' in version `bold'
(Font)                  OT1/cmr/bx/it --> OT1/ptm/m/it on input line 35.
LaTeX Info: Redefining \hbar on input line 50.
)
(/usr/local/texlive/2026/texmf-dist/tex/latex/psnfss/helvet.sty
Package: helvet 2020/03/25 PSNFSS-v9.3 (WaS) 
)
(/usr/local/texlive/2026/texmf-dist/tex/latex/base/fontenc.sty
Package: fontenc 2025/07/18 v2.1d Standard LaTeX package
LaTeX Font Info:    Trying to load font information for T1+ptm on input line 11
6.

(/usr/local/texlive/2026/texmf-dist/tex/latex/psnfss/t1ptm.fd
File: t1ptm.fd 2001/06/04 font definitions for T1/ptm.
))
(/usr/local/texlive/2026/texmf-dist/tex/latex/base/textcomp.sty
Package: textcomp 2024/04/24 v2.1b Standard LaTeX package
)
(/usr/local/texlive/2026/texmf-dist/tex/latex/hyperref/hyperref.sty
Package: hyperref 2026-01-29 v7.01p Hypertext links for LaTeX

(/usr/local/texlive/2026/texmf-dist/tex/latex/kvsetkeys/kvsetkeys.sty
Package: kvsetkeys 2022-10-05 v1.19 Key value parser (HO)
)
(/usr/local/texlive/2026/texmf-dist/tex/generic/kvdefinekeys/kvdefinekeys.sty
Package: kvdefinekeys 2019-12-19 v1.6 Define keys (HO)
)
(/usr/local/texlive/2026/texmf-dist/tex/generic/pdfescape/pdfescape.sty
Package: pdfescape 2019/12/09 v1.15 Implements pdfTeX's escape features (HO)

(/usr/local/texlive/2026/texmf-dist/tex/generic/ltxcmds/ltxcmds.sty
Package: ltxcmds 2023-12-04 v1.26 LaTeX kernel commands for general use (HO)
)
(/usr/local/texlive/2026/texmf-dist/tex/generic/pdftexcmds/pdftexcmds.sty
Package: pdftexcmds 2020-06-27 v0.33 Utility functions of pdfTeX for LuaTeX (HO
)

(/usr/local/texlive/2026/texmf-dist/tex/generic/infwarerr/infwarerr.sty
Package: infwarerr 2019/12/03 v1.5 Providing info/warning/error messages (HO)
)
Package pdftexcmds Info: \pdf@primitive is available.
Package pdftexcmds Info: \pdf@ifprimitive is available.
Package pdftexcmds Info: \pdfdraftmode found.
))
(/usr/local/texlive/2026/texmf-dist/tex/latex/hycolor/hycolor.sty
Package: hycolor 2020-01-27 v1.10 Color options for hyperref/bookmark (HO)
)
(/usr/local/texlive/2026/texmf-dist/tex/latex/hyperref/nameref.sty
Package: nameref 2026-01-29 v2.58 Cross-referencing by name of section

(/usr/local/texlive/2026/texmf-dist/tex/latex/refcount/refcount.sty
Package: refcount 2019/12/15 v3.6 Data extraction from label references (HO)
)
(/usr/local/texlive/2026/texmf-dist/tex/generic/gettitlestring/gettitlestring.s
ty
Package: gettitlestring 2019/12/15 v1.6 Cleanup title references (HO)
 (/usr/local/texlive/2026/texmf-dist/tex/latex/kvoptions/kvoptions.sty
Package: kvoptions 2022-06-15 v3.15 Key value format for package options (HO)
))
\c@section@level=\count290
)
(/usr/local/texlive/2026/texmf-dist/tex/latex/etoolbox/etoolbox.sty
Package: etoolbox 2025/10/02 v2.5m e-TeX tools for LaTeX (JAW)
\etb@tempcnta=\count291
)
(/usr/local/texlive/2026/texmf-dist/tex/generic/stringenc/stringenc.sty
Package: stringenc 2019/11/29 v1.12 Convert strings between diff. encodings (HO
)
)
\@linkdim=\dimen159
\Hy@linkcounter=\count292
\Hy@pagecounter=\count293

(/usr/local/texlive/2026/texmf-dist/tex/latex/hyperref/pd1enc.def
File: pd1enc.def 2026-01-29 v7.01p Hyperref: PDFDocEncoding definition (HO)
Now handling font encoding PD1 ...
... no UTF-8 mapping file for font encoding PD1
)
(/usr/local/texlive/2026/texmf-dist/tex/generic/intcalc/intcalc.sty
Package: intcalc 2019/12/15 v1.3 Expandable calculations with integers (HO)
)
\Hy@SavedSpaceFactor=\count294

(/usr/local/texlive/2026/texmf-dist/tex/latex/hyperref/puenc.def
File: puenc.def 2026-01-29 v7.01p Hyperref: PDF Unicode definition (HO)
Now handling font encoding PU ...
... no UTF-8 mapping file for font encoding PU
)

Package hyperref Warning: Unexpected value for option `pdftex'
(hyperref)                is ignored on input line 4072.

Package hyperref Info: Option `bookmarks' set `true' on input line 4072.

Package hyperref Warning: Option `a4paper' is no longer used.

Package hyperref Info: Option `colorlinks' set `true' on input line 4072.
Package hyperref Info: Option `breaklinks' set `true' on input line 4072.
Package hyperref Info: Hyper figures OFF on input line 4201.
Package hyperref Info: Link nesting OFF on input line 4206.
Package hyperref Info: Hyper index ON on input line 4209.
Package hyperref Info: Plain pages OFF on input line 4216.
Package hyperref Info: Backreferencing ON on input line 4219.
Package hyperref Info: Implicit mode ON; LaTeX internals redefined.
Package hyperref Info: Bookmarks ON on input line 4468.
(/usr/local/texlive/2026/texmf-dist/tex/latex/hyperref/backref.sty
Package: backref 2025-06-21 v1.45 Bibliographical back referencing

(/usr/local/texlive/2026/texmf-dist/tex/latex/rerunfilecheck/rerunfilecheck.sty
Package: rerunfilecheck 2025-06-21 v1.11 Rerun checks for auxiliary files (HO)

(/usr/local/texlive/2026/texmf-dist/tex/generic/uniquecounter/uniquecounter.sty
Package: uniquecounter 2019/12/15 v1.4 Provide unlimited unique counter (HO)
(/usr/local/texlive/2026/texmf-dist/tex/generic/bigintcalc/bigintcalc.sty
Package: bigintcalc 2019/12/15 v1.5 Expandable calculations on big integers (HO
)
))
Package uniquecounter Info: New unique counter `rerunfilecheck' on input line 2
84.
))
\c@Hy@tempcnt=\count295

(/usr/local/texlive/2026/texmf-dist/tex/latex/url/url.sty
\Urlmuskip=\muskip17
Package: url 2013/09/16  ver 3.4  Verb mode for urls, etc.
)
LaTeX Info: Redefining \url on input line 4807.
\XeTeXLinkMargin=\dimen160

(/usr/local/texlive/2026/texmf-dist/tex/generic/bitset/bitset.sty
Package: bitset 2019/12/09 v1.3 Handle bit-vector datatype (HO)
)
\Fld@menulength=\count296
\Field@Width=\dimen161
\Fld@charsize=\dimen162
Package hyperref Info: Hyper figures OFF on input line 6084.
Package hyperref Info: Link nesting OFF on input line 6089.
Package hyperref Info: Hyper index ON on input line 6092.
Package hyperref Info: backreferencing ON on input line 6097.
Package hyperref Info: Link coloring ON on input line 6102.
Package hyperref Info: Link coloring with OCG OFF on input line 6109.
Package hyperref Info: PDF/A mode OFF on input line 6114.
\Hy@abspage=\count297
\c@Item=\count298
\c@Hfootnote=\count299
)
Package hyperref Info: Driver: hpdftex.

(/usr/local/texlive/2026/texmf-dist/tex/latex/hyperref/hpdftex.def
File: hpdftex.def 2026-01-29 v7.01p Hyperref driver for pdfTeX
\Fld@listcount=\count300
\c@bookmark@seq@number=\count301
\Hy@SectionHShift=\skip51
)
\pagenrlog=\write5
\openout5 = `ramp.pnr'.


(/usr/local/texlive/2026/texmf-dist/tex/latex/enumitem/enumitem.sty
Package: enumitem 2025/02/06 v3.11 Customized lists
\labelindent=\skip52
\enit@outerparindent=\dimen163
\enit@toks=\toks22
\enit@inbox=\box54
\enit@count@id=\count302
\enitdp@description=\count303
)
(/usr/local/texlive/2026/texmf-dist/tex/latex/l3backend/l3backend-pdftex.def
File: l3backend-pdftex.def 2026-02-18 L3 backend support: PDF output (pdfTeX)
\l__color_backend_stack_int=\count304
)
(./ramp.aux

LaTeX Warning: Label `FlagGraph:for IsPremaniplex' multiply defined.

)
\openout1 = `ramp.aux'.

LaTeX Font Info:    Checking defaults for OML/cmm/m/it on input line 87.
LaTeX Font Info:    ... okay on input line 87.
LaTeX Font Info:    Checking defaults for OMS/cmsy/m/n on input line 87.
LaTeX Font Info:    ... okay on input line 87.
LaTeX Font Info:    Checking defaults for OT1/cmr/m/n on input line 87.
LaTeX Font Info:    ... okay on input line 87.
LaTeX Font Info:    Checking defaults for T1/cmr/m/n on input line 87.
LaTeX Font Info:    ... okay on input line 87.
LaTeX Font Info:    Checking defaults for TS1/cmr/m/n on input line 87.
LaTeX Font Info:    ... okay on input line 87.
LaTeX Font Info:    Checking defaults for OMX/cmex/m/n on input line 87.
LaTeX Font Info:    ... okay on input line 87.
LaTeX Font Info:    Checking defaults for U/cmr/m/n on input line 87.
LaTeX Font Info:    ... okay on input line 87.
LaTeX Font Info:    Checking defaults for PD1/pdf/m/n on input line 87.
LaTeX Font Info:    ... okay on input line 87.
LaTeX Font Info:    Checking defaults for PU/pdf/m/n on input line 87.
LaTeX Font Info:    ... okay on input line 87.

*geometry* driver: auto-detecting
*geometry* detected driver: pdftex
*geometry* verbose mode - [ preamble ] result:
* driver: pdftex
* paper: a4paper
* layout: <same size as paper>
* layoutoffset:(h,v)=(0.0pt,0.0pt)
* modes: 
* h-part:(L,W,R)=(76.82243pt, 443.863pt, 76.82243pt)
* v-part:(T,H,B)=(105.27519pt, 634.49646pt, 105.27519pt)
* \paperwidth=597.50787pt
* \paperheight=845.04684pt
* \textwidth=443.863pt
* \textheight=634.49646pt
* \oddsidemargin=4.55244pt
* \evensidemargin=4.55244pt
* \topmargin=-3.9948pt
* \headheight=12.0pt
* \headsep=25.0pt
* \topskip=11.0pt
* \footskip=30.0pt
* \marginparwidth=50.0pt
* \marginparsep=10.0pt
* \columnsep=10.0pt
* \skip\footins=10.0pt plus 4.0pt minus 2.0pt
* \hoffset=0.0pt
* \voffset=0.0pt
* \mag=1000
* \@twocolumnfalse
* \@twosidefalse
* \@mparswitchfalse
* \@reversemarginfalse
* (1in=72.27pt=25.4mm, 1cm=28.453pt)

(/usr/local/texlive/2026/texmf-dist/tex/context/base/mkii/supp-pdf.mkii
[Loading MPS to PDF converter (version 2006.09.02).]
\scratchcounter=\count305
\scratchdimen=\dimen164
\scratchbox=\box55
\nofMPsegments=\count306
\nofMParguments=\count307
\everyMPshowfont=\toks23
\MPscratchCnt=\count308
\MPscratchDim=\dimen165
\MPnumerator=\count309
\makeMPintoPDFobject=\count310
\everyMPtoPDFconversion=\toks24
)
\big@size=\dimen166
Package hyperref Info: Link coloring ON on input line 87.
 (./ramp.out) (./ramp.out)
\@outlinefile=\write6
\openout6 = `ramp.out'.



Package hyperref Warning: Token not allowed in a PDF string (Unicode):
(hyperref)                removing `\\' on input line 113.


Package hyperref Warning: Token not allowed in a PDF string (Unicode):
(hyperref)                removing `\\' on input line 113.


Package hyperref Warning: Token not allowed in a PDF string (Unicode):
(hyperref)                removing `\\' on input line 113.


Underfull \hbox (badness 10000) in paragraph at lines 128--133

 []


Underfull \hbox (badness 10000) in paragraph at lines 116--135

 []

[1

{/usr/local/texlive/2026/texmf-var/fonts/map/pdftex/updmap/pdftex.map}{/usr/loc
al/texlive/2026/texmf-dist/fonts/enc/dvips/base/8r.enc}{/usr/local/texlive/2026
/texmf-dist/fonts/enc/dvips/cm-super/cm-super-t1.enc}]
LaTeX Font Info:    Trying to load font information for TS1+ptm on input line 1
41.

(/usr/local/texlive/2026/texmf-dist/tex/latex/psnfss/ts1ptm.fd
File: ts1ptm.fd 2001/06/04 font definitions for TS1/ptm.
)
LaTeX Font Info:    Trying to load font information for T1+phv on input line 14
3.

(/usr/local/texlive/2026/texmf-dist/tex/latex/psnfss/t1phv.fd
File: t1phv.fd 2020/03/25 scalable font definitions for T1/phv.
)
Underfull \hbox (badness 10000) in paragraph at lines 143--147

 []


Underfull \hbox (badness 10000) in paragraph at lines 149--151

 []

[2] (./ramp.toc
LaTeX Font Info:    Trying to load font information for OT1+ztmcm on input line
 2.

(/usr/local/texlive/2026/texmf-dist/tex/latex/psnfss/ot1ztmcm.fd
File: ot1ztmcm.fd 2000/01/03 Fontinst v1.801 font definitions for OT1/ztmcm.
)
LaTeX Font Info:    Trying to load font information for OML+ztmcm on input line
 2.

(/usr/local/texlive/2026/texmf-dist/tex/latex/psnfss/omlztmcm.fd
File: omlztmcm.fd 2000/01/03 Fontinst v1.801 font definitions for OML/ztmcm.
)
LaTeX Font Info:    Trying to load font information for OMS+ztmcm on input line
 2.

(/usr/local/texlive/2026/texmf-dist/tex/latex/psnfss/omsztmcm.fd
File: omsztmcm.fd 2000/01/03 Fontinst v1.801 font definitions for OMS/ztmcm.
)
LaTeX Font Info:    Trying to load font information for OMX+ztmcm on input line
 2.

(/usr/local/texlive/2026/texmf-dist/tex/latex/psnfss/omxztmcm.fd
File: omxztmcm.fd 2000/01/03 Fontinst v1.801 font definitions for OMX/ztmcm.
)
LaTeX Font Info:    Trying to load font information for OT1+ptm on input line 2
.

(/usr/local/texlive/2026/texmf-dist/tex/latex/psnfss/ot1ptm.fd
File: ot1ptm.fd 2001/06/04 font definitions for OT1/ptm.
)
LaTeX Font Info:    Font shape `OT1/ptm/bx/n' in size <10.95> not available
(Font)              Font shape `OT1/ptm/b/n' tried instead on input line 2.
LaTeX Font Info:    Font shape `OT1/ptm/bx/n' in size <8> not available
(Font)              Font shape `OT1/ptm/b/n' tried instead on input line 2.
LaTeX Font Info:    Font shape `OT1/ptm/bx/n' in size <6> not available
(Font)              Font shape `OT1/ptm/b/n' tried instead on input line 2.
 [3

] [4])
\tf@toc=\write7
\openout7 = `ramp.toc'.


[5]
Chapter 1.

Underfull \hbox (badness 10000) in paragraph at lines 174--176
[]\T1/ptm/m/n/10.95 If us-ing the GAP.app on ma-cOS, this should be your user
 []


Underfull \hbox (badness 1424) in paragraph at lines 174--176
\T1/cmtt/m/n/10.95 Library/Preferences/GAP/pkg \T1/ptm/m/n/10.95 folder. Prob-a
-bly the eas-i-est way to do this if
 []

[6

]
Chapter 2.
[7

]
LaTeX Font Info:    Font shape `T1/cmtt/bx/n' in size <10> not available
(Font)              Font shape `T1/cmtt/m/n' tried instead on input line 253.
 [8]
Chapter 3.
[9

] [10] [11]
Underfull \hbox (badness 3780) in paragraph at lines 519--524
[]\T1/ptm/b/n/10.95 Returns:  \T1/ptm/m/n/10.95 whether [] is gen-er-ated by in
-vo-lu-tions. Or more specif-i-cally, whether
 []

[12] [13]
Underfull \hbox (badness 1365) in paragraph at lines 712--714
\T1/ptm/m/n/10.95 For con-ve-nience, you can also use a re-flex-i-ble ma-ni-ple
x M in place of g, in which case
 []


Underfull \hbox (badness 2556) in paragraph at lines 786--788
\T1/ptm/m/n/10.95 For con-ve-nience, you can also use a ro-tary ma-ni-plex M in
 place of g, in which case
 []

[14]
Underfull \hbox (badness 10000) in paragraph at lines 819--822

 []

[15]
Underfull \hbox (badness 10000) in paragraph at lines 947--950

 []


Underfull \hbox (badness 10000) in paragraph at lines 964--967

 []

[16] [17]
Chapter 4.
[18

] [19] [20]
Underfull \hbox (badness 10000) in paragraph at lines 1289--1301

 []

[21] [22]
Underfull \hbox (badness 10000) in paragraph at lines 1364--1367

 []


Underfull \hbox (badness 10000) in paragraph at lines 1447--1450

 []

[23]
Underfull \hbox (badness 10000) in paragraph at lines 1468--1471

 []

[24]
Chapter 5.
[25

] [26] [27] [28] [29] [30]
Underfull \hbox (badness 10000) in paragraph at lines 2113--2114
[]\T1/ptm/m/n/10.95 Assumes \T1/cmtt/m/n/10.95 j=i+1 \T1/ptm/m/n/10.95 and buil
ds the 3 flag pre-ma-ni-plex of rank [] de-scribed on
 []


Underfull \hbox (badness 10000) in paragraph at lines 2113--2114
\T1/ptm/m/n/10.95 Page 11 of Sym-me-try Type Graphs of Poly-topes and Ma-ni-ple
xes [[]][]
 []


Underfull \hbox (badness 10000) in paragraph at lines 2156--2159

 []

[31]
Underfull \hbox (badness 10000) in paragraph at lines 2174--2177

 []

[32] [33] [34] [35] [36] [37]
Chapter 6.

pdfTeX warning (ext4): destination with the same identifier (name{L.X868F7BAB7A
C2EEBC}) has been already used, duplicate ignored
<to be read again> 
                   \relax 
l.2720 \hyperdef{L}{X868F7BAB7AC2EEBC}{}
                                        
Underfull \hbox (badness 10000) in paragraph at lines 2766--2769

 []


Underfull \hbox (badness 10000) in paragraph at lines 2783--2786

 []


Underfull \hbox (badness 10000) in paragraph at lines 2800--2803

 []

[38

]
Underfull \hbox (badness 10000) in paragraph at lines 2817--2820

 []


Underfull \hbox (badness 10000) in paragraph at lines 2834--2837

 []


Underfull \hbox (badness 10000) in paragraph at lines 2851--2854

 []


Underfull \hbox (badness 10000) in paragraph at lines 2868--2871

 []


Underfull \hbox (badness 10000) in paragraph at lines 2885--2894

 []

[39]
Underfull \hbox (badness 10000) in paragraph at lines 2914--2923

 []


Underfull \hbox (badness 10000) in paragraph at lines 2942--2951

 []

[40] [41]
Underfull \hbox (badness 10000) in paragraph at lines 3141--3144

 []

[42
pdfTeX warning (ext4): destination with the same identifier (name{L.X877E841E7F
BCEAAE}) has been already used, duplicate ignored
<argument> ...shipout:D \box_use:N \l_shipout_box 
                                                  \__shipout_drop_firstpage_...
l.3146  R
         eturns the Schlafli symbol of the maniplex \mbox{\texttt{\mdseries\...
]
Underfull \hbox (badness 10000) in paragraph at lines 3160--3163

 []

[43] [44]
Underfull \hbox (badness 10000) in paragraph at lines 3431--3434

 []

[45]
Underfull \hbox (badness 10000) in paragraph at lines 3494--3497

 []


Underfull \hbox (badness 10000) in paragraph at lines 3511--3514

 []

[46] [47] [48]
Chapter 7.

Underfull \hbox (badness 10000) in paragraph at lines 3699--3726

 []

[49

]
Underfull \hbox (badness 10000) in paragraph at lines 3782--3788

 []


Underfull \hbox (badness 10000) in paragraph at lines 3806--3809

 []

[50]
Underfull \hbox (badness 10000) in paragraph at lines 3849--3852

 []

[51] [52] [53] [54]
Underfull \hbox (badness 10000) in paragraph at lines 4312--4315

 []

[55]
Underfull \hbox (badness 10000) in paragraph at lines 4336--4339

 []


Underfull \hbox (badness 10000) in paragraph at lines 4349--4352

 []


Underfull \hbox (badness 10000) in paragraph at lines 4362--4365

 []


Underfull \hbox (badness 10000) in paragraph at lines 4375--4378

 []


Underfull \hbox (badness 10000) in paragraph at lines 4394--4397

 []

[56] [57]
Underfull \hbox (badness 10000) in paragraph at lines 4495--4498

 []


Underfull \hbox (badness 10000) in paragraph at lines 4512--4515

 []

[58]
Underfull \hbox (badness 10000) in paragraph at lines 4647--4650

 []


Underfull \hbox (badness 2980) in paragraph at lines 4652--4654
[]\T1/ptm/m/n/10.95 Returns a list of lists of flags, rep-re-sent-ing the or-bi
ts of flags un-der the ac-tion of
 []

[59]
Chapter 8.
[60

] [61]
Underfull \hbox (badness 1533) in paragraph at lines 4904--4905
[]\T1/ptm/m/n/10.95 Returns whether there is an iso-mor-phism from [] to [] tha
t sends \T1/cmtt/m/n/10.95 BaseFlag(M2) \T1/ptm/m/n/10.95 to
 []

[62]
Underfull \hbox (badness 10000) in paragraph at lines 4920--4923

 []


Underfull \hbox (badness 10000) in paragraph at lines 4940--4943

 []


Underfull \hbox (badness 10000) in paragraph at lines 4964--4967

 []


Underfull \hbox (badness 1867) in paragraph at lines 4969--4977
[]\T1/ptm/m/n/10.95 Given a re-flex-i-ble ma-ni-plex [], gen-er-ates the nor-ma
l clo-sure N of the sub-group S of
 []

[63] [64]
Chapter 9.

Underfull \hbox (badness 1168) in paragraph at lines 5098--5099
[]\T1/ptm/m/n/10.95 The com-po-nent \T1/cmtt/m/n/10.95 reps \T1/ptm/m/n/10.95 g
ives rep-re-sen-ta-tives up to iso-mor-phism as string C-groups, while
 []

[65

]
Underfull \hbox (badness 1655) in paragraph at lines 5141--5142
[]\T1/ptm/m/n/10.95 Returns rep-re-sen-ta-tives of the rank [] string C-group r
ep-re-sen-ta-tions of []. If
 []

[66] [67] [68] [69] [70]
Underfull \hbox (badness 10000) in paragraph at lines 5655--5658

 []

[71]
Underfull \hbox (badness 10000) in paragraph at lines 5702--5705

 []


Underfull \hbox (badness 10000) in paragraph at lines 5724--5727

 []

[72] [73]
Underfull \hbox (badness 10000) in paragraph at lines 5917--5923

 []

[74]
Underfull \hbox (badness 10000) in paragraph at lines 5939--5945

 []


Underfull \hbox (badness 10000) in paragraph at lines 5961--5967

 []

[75] [76]
Chapter 10.
[77

] [78] [79]
Chapter 11.
[80

]
Underfull \hbox (badness 2213) in paragraph at lines 6387--6388
[]\T1/ptm/m/n/10.95 Given in-te-gers sat-is-fy-ing the con-straints in [[]][], 
this func-tion will cre-ate the map
 []

[81] [82] [83] [84]
Underfull \hbox (badness 10000) in paragraph at lines 6751--6752
\T1/ptm/m/n/10.95 Another ex-cel-lent source for in-for-ma-tion on these types 
of op-er-a-tions is
 []


Underfull \hbox (badness 5578) in paragraph at lines 6751--6752
\T1/cmtt/m/n/10.95 https://antitile.readthedocs.io/en/latest/conway.html\T1/ptm
/m/n/10.95 . Ad-di-tional func-tions are
 []

[85] [86] [87] [88] [89] [90]
Chapter 12.
[91

] [92] [93] [94]
Underfull \hbox (badness 10000) in paragraph at lines 7520--7523

 []

[95]
Underfull \hbox (badness 10000) in paragraph at lines 7544--7547

 []


Underfull \hbox (badness 10000) in paragraph at lines 7558--7561

 []


Underfull \hbox (badness 10000) in paragraph at lines 7574--7577

 []

[96] [97] [98] [99] [100]
Underfull \hbox (badness 10000) in paragraph at lines 8016--8019

 []


Underfull \hbox (badness 10000) in paragraph at lines 8029--8032

 []

[101]
Underfull \hbox (badness 10000) in paragraph at lines 8071--8074

 []


Underfull \hbox (badness 10000) in paragraph at lines 8084--8087

 []

[102]
Underfull \hbox (badness 10000) in paragraph at lines 8196--8199

 []

[103] [104]
Underfull \hbox (badness 10000) in paragraph at lines 8471--8474

 []

[105]
Underfull \hbox (badness 1533) in paragraph at lines 8534--8535
\T1/ptm/m/n/10.95 The prod-ucts doc-u-mented in this sec-tion were de-fined by 
Glea-son and Hubard in [[]][]
 []

[106] [107] [108]
Chapter 13.

Underfull \hbox (badness 10000) in paragraph at lines 8702--8704

 []


Underfull \hbox (badness 10000) in paragraph at lines 8726--8728
[]\T1/ptm/m/n/10.95 Returns the Pe-tersen graph, as de-scribed at https://www.g
ap-
 []

[109

] [110] [111] [112] [113] [114] [115] [116] [117] [118] [119] [120]
pdfTeX warning (ext4): destination with the same identifier (name{L.X863F65F686
5859F1}) has been already used, duplicate ignored
<to be read again> 
                   \relax 
l.9685 \hyperdef{L}{X863F65F6865859F1}{}
                                         [121]
Chapter 14.

Underfull \hbox (badness 10000) in paragraph at lines 9784--9787

 []

[122

] [123] [124]
Underfull \hbox (badness 10000) in paragraph at lines 9997--10000

 []


Underfull \hbox (badness 10000) in paragraph at lines 10018--10021

 []

[125] [126] [127]
Chapter 15.

Underfull \hbox (badness 10000) in paragraph at lines 10246--10249

 []

[128

] [129] [130] [131] [132] [133]
Chapter 16.

Underfull \hbox (badness 10000) in paragraph at lines 10688--10691

 []


Underfull \hbox (badness 10000) in paragraph at lines 10708--10711

 []


Underfull \hbox (badness 10000) in paragraph at lines 10721--10724

 []


Underfull \hbox (badness 10000) in paragraph at lines 10734--10737

 []

[134

]
Underfull \hbox (badness 10000) in paragraph at lines 10751--10754

 []


Underfull \hbox (badness 10000) in paragraph at lines 10768--10771

 []


Underfull \hbox (badness 10000) in paragraph at lines 10780--10783

 []


Underfull \hbox (badness 10000) in paragraph at lines 10805--10808

 []


Underfull \hbox (badness 10000) in paragraph at lines 10823--10826

 []

[135]
Underfull \hbox (badness 10000) in paragraph at lines 10841--10844

 []


Underfull \hbox (badness 10000) in paragraph at lines 10868--10871

 []


Underfull \hbox (badness 10000) in paragraph at lines 10885--10888

 []

[136]
Underfull \hbox (badness 10000) in paragraph at lines 10991--10994

 []

[137]
Underfull \hbox (badness 10000) in paragraph at lines 11049--11052

 []


Underfull \hbox (badness 10000) in paragraph at lines 11073--11076

 []

[138]
Underfull \hbox (badness 10000) in paragraph at lines 11098--11101

 []


Underfull \hbox (badness 10000) in paragraph at lines 11127--11130

 []


Underfull \hbox (badness 10000) in paragraph at lines 11146--11149

 []

[139]
Underfull \hbox (badness 1436) in paragraph at lines 11177--11180
[]\T1/ptm/m/n/10.95 Note that the way that we re-cal-cu-late the prop-er-ties i
s to build a new ma-ni-plex from
 []

[140] [141]
Chapter 17.
[142

]
Chapter 18.
[143


pdfTeX warning (ext4): destination with the same identifier (name{L.X7DE9AB377D
A3E76E}) has been already used, duplicate ignored
<argument> ...shipout:D \box_use:N \l_shipout_box 
                                                  \__shipout_drop_firstpage_...
l.11428  R
          eturns the finitely presented group stored for the Hartley ID \mbo...
]
Underfull \hbox (badness 1052) in paragraph at lines 11474--11476
[]\T1/ptm/m/n/10.95 Returns the Hart-ley ID whose stored per-mu-ta-tion group g
ives a ma-ni-plex iso-mor-phic to
 []

(./ramp.bbl (./ramp.brf)
\tf@brf=\write8
\openout8 = `ramp.brf'.

 [144] [145

]) [146] (./ramp.ind
Underfull \hbox (badness 10000) in paragraph at lines 50--51
[]\T1/cmtt/m/n/10.95 Automorphism\T1/ptm/m/n/10.95 -\T1/cmtt/m/n/10.95 Class\T1
/ptm/m/n/10.95 -\T1/cmtt/m/n/10.95 Representative\T1/ptm/m/n/10.95 -
 []

[147


]
Underfull \hbox (badness 10000) in paragraph at lines 131--132
[]\T1/cmtt/m/n/10.95 Conjugacy\T1/ptm/m/n/10.95 -\T1/cmtt/m/n/10.95 Classes\T1/
ptm/m/n/10.95 -\T1/cmtt/m/n/10.95 Of\T1/ptm/m/n/10.95 -\T1/cmtt/m/n/10.95 Invol
utions\T1/ptm/m/n/10.95 -
 []

[148] [149] [150] [151] [152] [153]
Underfull \hbox (badness 10000) in paragraph at lines 710--711
[]\T1/cmtt/m/n/10.95 Really\T1/ptm/m/n/10.95 -\T1/cmtt/m/n/10.95 Natural\T1/ptm
/m/n/10.95 -\T1/cmtt/m/n/10.95 Homomorphism\T1/ptm/m/n/10.95 -\T1/cmtt/m/n/10.9
5 By\T1/ptm/m/n/10.95 -\T1/cmtt/m/n/10.95 Normal\T1/ptm/m/n/10.95 -
 []

[154] [155]
Underfull \hbox (badness 10000) in paragraph at lines 902--903
[]| \T1/ptm/m/n/10.95 for Is-Volt-age-Graph,IsEdgeLabeledGraph,
 []

[156]) (./ramp.aux)
 ***********
LaTeX2e <2025-11-01>
L3 programming layer <2026-03-20>
 ***********


LaTeX Warning: There were multiply-defined labels.

Package rerunfilecheck Info: File `ramp.out' has not changed.
(rerunfilecheck)             Checksum: 491500A2753F16BCDFBA8F7FA435E660;11401.
Package rerunfilecheck Info: File `ramp.brf' has not changed.
(rerunfilecheck)             Checksum: C8580D0FE95B7D9128F49847E28013A1;1432.
 ) 
Here is how much of TeX's memory you used:
 12720 strings out of 467349
 205759 string characters out of 5415635
 637483 words of memory out of 5000000
 40378 multiletter control sequences out of 15000+600000
 690626 words of font info for 115 fonts, out of 8000000 for 9000
 1141 hyphenation exceptions out of 8191
 90i,7n,93p,826b,895s stack positions out of 10000i,1000n,20000p,200000b,200000s
</usr/local/texlive/2026/texmf-dist/fonts/type1/public/amsfonts/cm/cmmi10.pfb
></usr/local/texlive/2026/texmf-dist/fonts/type1/public/amsfonts/cm/cmr10.pfb><
/usr/local/texlive/2026/texmf-dist/fonts/type1/public/amsfonts/cm/cmsy10.pfb></
usr/local/texlive/2026/texmf-dist/fonts/type1/public/cm-super/sfst1095.pfb></us
r/local/texlive/2026/texmf-dist/fonts/type1/public/cm-super/sftt1000.pfb></usr/
local/texlive/2026/texmf-dist/fonts/type1/public/cm-super/sftt1095.pfb></usr/lo
cal/texlive/2026/texmf-dist/fonts/type1/urw/helvetic/uhvr8a.pfb></usr/local/tex
live/2026/texmf-dist/fonts/type1/urw/symbol/usyr.pfb></usr/local/texlive/2026/t
exmf-dist/fonts/type1/urw/symbol/usyr.pfb></usr/local/texlive/2026/texmf-dist/f
onts/type1/urw/times/utmb8a.pfb></usr/local/texlive/2026/texmf-dist/fonts/type1
/urw/times/utmr8a.pfb></usr/local/texlive/2026/texmf-dist/fonts/type1/urw/times
/utmr8a.pfb></usr/local/texlive/2026/texmf-dist/fonts/type1/urw/times/utmri8a.p
fb>
Output written on ramp.pdf (156 pages, 558047 bytes).
PDF statistics:
 2993 PDF objects out of 3580 (max. 8388607)
 2781 compressed objects within 28 object streams
 1263 named destinations out of 1440 (max. 500000)
 609 words of extra memory for PDF output out of 10000 (max. 10000000)

